I'm sorry, but errors were detected in your script. Please correct the
errors listed below, and try again.


File "game/gui.rpy", line 92: expected '=' not found.
    image gui.main_menu_background = "gui/main_menu.png"
             ^

File "game/gui.rpy", line 93: end of line expected.
    show gui.main_menu_background with dissolve
            ^

Ren'Py Version: Ren'Py 8.2.0.0+unofficial
Sat Oct 14 03:50:52 2023
